PDFKit extracted javascript_midlevel_interview_mobile_mastery: 345 pages; React Notes: 4 pages; JavaScript Deep Dive: 4 pages; System Design: 4 pages
PAGES 40/40 ATOMS 80 extractionMS 125.65696239471436
p8 HTTP: [HTTP → explains → The request-response protocol used by browsers, apps, and servers to exchange web data] | [HTTP → explains → the basic language behind APIs, pages, images, and most web traffic]
p16 HTTP methods: [HTTP methods → explains → Standard verbs that express what operation a request intends to perform] | [HTTP methods → makes → API contracts predictable] | [HTTP methods → communicates → semantics to clients, caches, and infrastructure]
p24 JSON: [JSON → explains → A lightweight text format for structured data using objects, arrays, strings, numbers, booleans, and null] | [JSON → explains → easy for humans to read and common across web APIs]
p32 Cache hit: [Cache hit → explains → A cache lookup that finds a usable stored value] | [Hits → explains → where the latency and load savings come from]
p41 Stateful system: [Stateful system → explains → A system whose behavior depends on state remembered across interactions] | [Many real systems → requires → durable or connection-specific state; the challenge is managing it safely]
p49 Refresh token: [Refresh token → explains → A longer-lived credential used to obtain new access tokens without asking the user to sign in again] | [Refresh token → balances → user convenience with short-lived access credentials]
p58 Relational database: [Relational database → explains → A database model built around tables, rows, columns, relationships, and constraints] | [Relational database → explains → excellent]
p65 Race condition: [Race condition → explains → A bug where correctness depends on the unpredictable timing/interleaving of concurrent operations] | [Concurrent → requests → can both make decisions from stale state]
p74 Webhook: [Webhook → explains → An HTTP callback one system sends to another when an event occurs] | [Webhook → replaces → wasteful polling for external service events]
p83 try / catch: [try / catch → explains → Language syntax for handling exceptions thrown during execution, including rejected promises when awaited] | [try / catch → enables → code recover, translate, log, or surface errors deliberately]
p91 Immutability: [Immutability → explains → Treating existing data as unchanged and creating new values for updates] | [Immutability → makes → state transitions easier to reason about] | [Immutability → supports → change detection by identity]
p99 Array.reduce: [Array.reduce → explains → An array method that accumulates many elements into a single result] | [Array.reduce → computes → totals, groups, maps, and other aggregates]
p108 Props: [Props → explains → Inputs passed from a parent component to a child] | [Props → creates → explicit data flow and reusable components]
p116 Effect cleanup: [Effect cleanup → explains → The function returned from an effect to undo the previous subscription/resource before rerun or unmount] | [Effect cleanup → prevents → duplicate listeners, stale subscriptions, and leaks]
p124 React.memo: [React.memo → explains → A wrapper that can skip rerendering a component when its props are shallowly equal] | [React.memo → reduces → expensive child renders]
p133 Tree shaking: [Tree shaking → explains → Build-time elimination of unused module exports when static analysis allows it] | [Tree shaking → reduces → shipped JavaScript without manual deletion]
p141 Client-side routing: [Client-side routing → explains → Changing views and history in JavaScript without requesting a full new HTML document each time] | [Client-side routing → makes → SPA navigation fast while preserving URLs]
p149 Event bubbling: [Event bubbling → explains → The phase where an event triggered on a descendant propagates upward through its ancestors] | [Event bubbling → enables → parent handlers and event delegation]
p158 Message queue: [Message queue → explains → A durable or buffered channel where producers enqueue messages/jobs and consumers process them later] | [Message queue → decouples → request latency from background work] | [Message queue → smooths → bursts]
p166 Unit test: [Unit test → explains → A focused test of a small behavior, usually with controlled dependencies] | [Unit test → gives → fast feedback on logic and edge cases]
p173 Docker: [Docker → explains → A platform for packaging and running applications in isolated containers based on images] | [Docker → makes → dependencies and runtime environment reproducible across machines]
p181 Latency: [Latency → explains → The time required for an operation or request to complete]
UNRESOLVED Users feel delay directly, and tail latency
often dominates perceived quality.
p190 Queue: [Queue → explains → A First-In-First-Out data structure] | [Queue → models → ordered work waiting to be processed]
p198 KISS: [KISS → explains → Keep It Simple: prefer the simplest design that correctly satisfies current requirements] | [Simple systems → explains → easier to understand, test, operate, and change]
p207 Type guard: [Type guard → explains → A runtime check that also teaches TypeScript a more specific type] | [Type guard → centralizes → validation] | [Type guard → improves → downstream ergonomics]
p215 Utility types: [Utility types → explains → Built-in helpers such as Partial, Pick, Omit, Record, Required, and Readonly] | [Utility types → derives → related types without duplicating interfaces]
p224 Lifting state up: [Lifting state up → explains → Move shared state to the nearest common owner of components that need it] | [Lifting state up → creates → one source of truth for coordinated UI]
p232 Headless component: [Headless component → explains → Reusable behavior and accessibility without prescribing final visual styling] | [Headless component → separates → interaction logic from product-specific appearance]
p240 State machine: [State machine → explains → An explicit model of allowed states and transitions] | [State machine → prevents → impossible UI combinations in complex flows]
p249 Module: [Module → explains → A cohesive unit that exposes a public interface while hiding internal implementation details] | [Modules → reduces → the amount of code a developer must understand at once]
p257 Single Responsibility Principle: [Single Responsibility Principle → explains → A module should have one coherent reason to change] | [Single Responsibility Principle → prevents → unrelated concerns from becoming entangled]
p266 Denormalization: [Denormalization → explains → Intentionally duplicate or precompute data to make reads simpler or faster] | [Denormalization → trades → write complexity/ storage for read performance]
p274 Deadlock: [Concurrent locking → creates → circular waits]
UNRESOLVED Two transactions each hold resources the other
needs, so neither can proceed.
p282 Write-through cache: [Writes → updates → the cache and backing store as part of the write path]
UNRESOLVED It keeps cached values fresh for
subsequent reads.
p290 Distributed cache: [Distributed cache → explains → A cache shared across application instances, commonly over the network] | [Distributed cache → gives → multiple servers a common cache instead of isolated in-process copies]
p299 Tokenizer: [Tokenizer → explains → The algorithm mapping text to token IDs and back]
UNRESOLVED Models operate on numerical token sequences.
p307 Grounding: [Grounding → explains → Constrain or support model output with authoritative evidence, tools, or state] | [Grounding → reduces → unsupported invention] | [Grounding → makes → outputs verifiable]
p315 Inference: [Inference → explains → Running a trained model on input to produce predictions/tokens]
UNRESOLVED This is the production-time
compute path users experience.
p324 Contract test: [Contract test → verifies → that two services/components agree on their integration contract] | [Contract test → catches → breaking API changes without requiring a full end-to-end environment]
p332 SLO / error budget: [SLO / error budget → explains → An SLO defines a reliability target; the error budget is the allowed unreliability within that target] | [SLO / error budget → creates → a quantitative trade-off between shipping speed and reliability work]
INDEX 310 atoms 327 relations 11 inferred 10 crossDoc MS 2043.5949563980103
MECHANISMS 25 multi 7
LEARNER 32/32
AUDIT ["counterfactualScenarios": 15, "crossDocumentRelations": 10, "definitionSubstitutions": 11, "synthesisCases": 15, "manufacturedContrasts": 0, "multiStepAnswers": 7, "mechanismAnswers": 25, "inventedConsequences": 0, "samplePagesWithAtoms": 40, "sourceRelations": 306, "learnerCases": 32, "unsupportedSynthesis": 0, "learnerFailures": 0, "unsupportedBridges": 0, "sampleAtoms": 80]
